// Jest Snapshot v1, https://goo.gl/fbAQLP

exports[`renders correctly 1`] = `
.c0 {
  background: #fbfbfb;
  margin: 40px 10px;
  padding: 30px 20px;
  border-radius: 5px;
  box-shadow: 0 10px 40px rgba(0,0,0,0.3);
  max-height: calc(100% - 2 * 40px);
  overflow-y: auto;
}

.c0 *:first-child {
  margin-top: 0;
}

.c0 *:last-child {
  margin-bottom: 0;
}

@media screen and (min-width:540px) {
  .c0 {
    margin: 40px auto;
    width: 520px;
  }
}

<div>
  <div
    class="c0"
  >
    <p>
      <span
        aria-label="hourglass not done"
        role="img"
      >
        ⏳
      </span>
       Loading...
    </p>
  </div>
</div>
`;
