// Jest Snapshot v1, https://goo.gl/fbAQLP

exports[`renders correctly 1`] = `
.c11 {
  text-transform: uppercase;
  font-size: 0.7rem;
  -webkit-letter-spacing: 0.05rem;
  -moz-letter-spacing: 0.05rem;
  -ms-letter-spacing: 0.05rem;
  letter-spacing: 0.05rem;
  width: auto;
  background: #c73794;
  color: #fbfbfb;
  padding: 10px 20px;
  border: none;
  border-radius: 5px;
  cursor: pointer;
  -webkit-transition: all 0.2s;
  transition: all 0.2s;
  margin-bottom: 10px;
}

.c11:last-child {
  margin-bottom: 0;
}

.c11:hover,
.c11:focus {
  box-shadow: 1px 1px 10px rgba(0,0,0,0.4);
  outline: none;
}

.c11:disabled {
  opacity: 0.7;
}

.c13 {
  text-transform: uppercase;
  font-size: 0.7rem;
  -webkit-letter-spacing: 0.05rem;
  -moz-letter-spacing: 0.05rem;
  -ms-letter-spacing: 0.05rem;
  letter-spacing: 0.05rem;
  width: auto;
  background: #c73794;
  color: #fbfbfb;
  padding: 10px 20px;
  border: none;
  border-radius: 5px;
  cursor: pointer;
  -webkit-transition: all 0.2s;
  transition: all 0.2s;
  margin-bottom: 10px;
  background: #fbfbfb;
  color: #101010;
  border: 1px solid #656565;
}

.c13:last-child {
  margin-bottom: 0;
}

.c13:hover,
.c13:focus {
  box-shadow: 1px 1px 10px rgba(0,0,0,0.4);
  outline: none;
}

.c13:disabled {
  opacity: 0.7;
}

.c13:disabled {
  background: #ececec;
}

.c8 {
  text-transform: uppercase;
  color: #575757;
  margin-top: 0;
  font-size: 1.1rem;
  -webkit-letter-spacing: 0.1rem;
  -moz-letter-spacing: 0.1rem;
  -ms-letter-spacing: 0.1rem;
  letter-spacing: 0.1rem;
  margin-bottom: 20px;
}

.c7 {
  position: fixed;
  bottom: 0;
  width: 100vw;
  z-index: 3;
  background: #fbfbfb;
  padding: 20px;
  border-radius: 5px 5px 0 0;
  box-shadow: 0 10px 40px rgba(0,0,0,0.3);
  -webkit-transform: translateY(110%);
  -ms-transform: translateY(110%);
  transform: translateY(110%);
  -webkit-transition: -webkit-transform 0.5s;
  -webkit-transition: transform 0.5s;
  transition: transform 0.5s;
}

.c9 {
  display: -webkit-box;
  display: -webkit-flex;
  display: -ms-flexbox;
  display: flex;
  -webkit-box-pack: justify;
  -webkit-justify-content: space-between;
  -ms-flex-pack: justify;
  justify-content: space-between;
  margin-top: 20px;
}

.c9 .c10,
.c9 .c12 {
  -webkit-flex: 1;
  -ms-flex: 1;
  flex: 1;
  margin-bottom: 0;
}

.c9 .c10:first-child,
.c9 .c12:first-child {
  margin-right: 10px;
}

.c0 {
  height: 100%;
  z-index: 1;
}

.c1 {
  position: absolute;
  top: 0;
  right: 0;
  bottom: 0;
  left: 0;
  z-index: 2;
  display: -webkit-box;
  display: -webkit-flex;
  display: -ms-flexbox;
  display: flex;
  pointer-events: none;
}

.c1 > * {
  pointer-events: auto;
}

.c2 {
  -webkit-align-self: center;
  -ms-flex-item-align: center;
  align-self: center;
  width: 100%;
  max-height: calc(100% - 2 * 20px);
  overflow-y: auto;
  margin: 20px;
  border-radius: 5px;
  background: #fbfbfb;
  box-shadow: 0 10px 40px rgba(0,0,0,0.3);
}

.c6 {
  padding: 30px 20px;
}

.c6 *:first-child {
  margin-top: 0;
}

.c6 *:last-child {
  margin-bottom: 0;
}

.c3 {
  position: -webkit-sticky;
  position: sticky;
  top: 0;
  left: 0;
  right: 0;
  height: 70px;
  display: -webkit-box;
  display: -webkit-flex;
  display: -ms-flexbox;
  display: flex;
  padding: 0 20px;
  background: #c73794;
  color: #fbfbfb;
  box-shadow: 0 5px 10px rgba(0,0,0,0.4);
}

.c4 {
  display: -webkit-box;
  display: -webkit-flex;
  display: -ms-flexbox;
  display: flex;
  -webkit-align-items: center;
  -webkit-box-align: center;
  -ms-flex-align: center;
  align-items: center;
  margin: 0;
  font-size: 1.7rem;
  -webkit-letter-spacing: 0.05rem;
  -moz-letter-spacing: 0.05rem;
  -ms-letter-spacing: 0.05rem;
  letter-spacing: 0.05rem;
  text-shadow: 1px 1px 5px rgba(0,0,0,0.4);
}

.c5 {
  width: 40px;
  height: auto;
  margin-right: 10px;
}

@media screen and (min-width:351px) {
  .c7 {
    left: calc(50% - 175px);
    width: 350px;
  }
}

@media screen and (min-width:540px) {
  .c2 {
    width: 500px;
    margin: 20px auto;
  }
}

<div>
  <div
    class="c0"
    id="leaflet-map"
  />
  <div
    class="c1"
  >
    <div
      class="c2"
    >
      <header
        class="c3"
      >
        <h1
          class="c4"
        >
          <img
            alt="world map emoji"
            class="c5"
            src="world-map-emoji.png"
          />
          locations
        </h1>
      </header>
      <div
        class="c6"
      >
        <p>
          <svg
            aria-hidden="true"
            class="svg-inline--fa fa-spinner-third fa-w-16 fa-spin "
            data-icon="spinner-third"
            data-prefix="fas"
            focusable="false"
            role="img"
            viewBox="0 0 512 512"
            xmlns="http://www.w3.org/2000/svg"
          >
            <path
              d="M456.433 371.72l-27.79-16.045c-7.192-4.152-10.052-13.136-6.487-20.636 25.82-54.328 23.566-118.602-6.768-171.03-30.265-52.529-84.802-86.621-144.76-91.424C262.35 71.922 256 64.953 256 56.649V24.56c0-9.31 7.916-16.609 17.204-15.96 81.795 5.717 156.412 51.902 197.611 123.408 41.301 71.385 43.99 159.096 8.042 232.792-4.082 8.369-14.361 11.575-22.424 6.92z"
              fill="currentColor"
            />
          </svg>
           Loading...
        </p>
      </div>
    </div>
  </div>
  <div
    class="c7"
  >
    <h3
      class="c8"
    >
      Create new pin
    </h3>
    <p>
      Drag 
      <svg
        aria-hidden="true"
        class="svg-inline--fa fa-map-marker-plus fa-w-12 "
        color="#38c000"
        data-icon="map-marker-plus"
        data-prefix="fas"
        focusable="false"
        role="img"
        viewBox="0 0 384 512"
        xmlns="http://www.w3.org/2000/svg"
      >
        <path
          d="M192 0C86.4 0 0 86.4 0 192c0 76.8 25.6 99.2 172.8 310.4 9.6 12.8 28.8 12.8 38.4 0C358.4 291.2 384 268.8 384 192 384 86.4 297.6 0 192 0zm112 200c0 8.84-7.16 16-16 16h-72v72c0 8.84-7.16 16-16 16h-16c-8.84 0-16-7.16-16-16v-72H96c-8.84 0-16-7.16-16-16v-16c0-8.84 7.16-16 16-16h72V96c0-8.84 7.16-16 16-16h16c8.84 0 16 7.16 16 16v72h72c8.84 0 16 7.16 16 16v16z"
          fill="currentColor"
        />
      </svg>
       
      marker on map to desired location
    </p>
    <div
      class="c9"
    >
      <button
        class="c10 c11"
      >
        <svg
          aria-hidden="true"
          class="svg-inline--fa fa-arrow-right fa-w-14 "
          data-icon="arrow-right"
          data-prefix="fas"
          focusable="false"
          role="img"
          viewBox="0 0 448 512"
          xmlns="http://www.w3.org/2000/svg"
        >
          <path
            d="M190.5 66.9l22.2-22.2c9.4-9.4 24.6-9.4 33.9 0L441 239c9.4 9.4 9.4 24.6 0 33.9L246.6 467.3c-9.4 9.4-24.6 9.4-33.9 0l-22.2-22.2c-9.5-9.5-9.3-25 .4-34.3L311.4 296H24c-13.3 0-24-10.7-24-24v-32c0-13.3 10.7-24 24-24h287.4L190.9 101.2c-9.8-9.3-10-24.8-.4-34.3z"
            fill="currentColor"
          />
        </svg>
         Continue
      </button>
      <button
        class="c10 c12 c13"
      >
        <svg
          aria-hidden="true"
          class="svg-inline--fa fa-times fa-w-11 "
          data-icon="times"
          data-prefix="fas"
          focusable="false"
          role="img"
          viewBox="0 0 352 512"
          xmlns="http://www.w3.org/2000/svg"
        >
          <path
            d="M242.72 256l100.07-100.07c12.28-12.28 12.28-32.19 0-44.48l-22.24-22.24c-12.28-12.28-32.19-12.28-44.48 0L176 189.28 75.93 89.21c-12.28-12.28-32.19-12.28-44.48 0L9.21 111.45c-12.28 12.28-12.28 32.19 0 44.48L109.28 256 9.21 356.07c-12.28 12.28-12.28 32.19 0 44.48l22.24 22.24c12.28 12.28 32.2 12.28 44.48 0L176 322.72l100.07 100.07c12.28 12.28 32.2 12.28 44.48 0l22.24-22.24c12.28-12.28 12.28-32.19 0-44.48L242.72 256z"
            fill="currentColor"
          />
        </svg>
         Cancel
      </button>
    </div>
  </div>
</div>
`;
